components/Hero3D.tsx(28,5): error TS2339: Property 'group' does not exist on type 'JSX.IntrinsicElements'.
components/Hero3D.tsx(40,5): error TS2339: Property 'group' does not exist on type 'JSX.IntrinsicElements'.
components/Hero3D.tsx(49,11): error TS2339: Property 'mesh' does not exist on type 'JSX.IntrinsicElements'.
components/Hero3D.tsx(57,28): error TS2339: Property 'octahedronGeometry' does not exist on type 'JSX.IntrinsicElements'.
components/Hero3D.tsx(57,53): error TS2339: Property 'tetrahedronGeometry' does not exist on type 'JSX.IntrinsicElements'.
components/Hero3D.tsx(58,13): error TS2339: Property 'meshStandardMaterial' does not exist on type 'JSX.IntrinsicElements'.
components/Hero3D.tsx(66,11): error TS2339: Property 'mesh' does not exist on type 'JSX.IntrinsicElements'.
components/Hero3D.tsx(77,9): error TS2339: Property 'ambientLight' does not exist on type 'JSX.IntrinsicElements'.
components/Hero3D.tsx(78,9): error TS2339: Property 'pointLight' does not exist on type 'JSX.IntrinsicElements'.
components/Hero3D.tsx(79,9): error TS2339: Property 'spotLight' does not exist on type 'JSX.IntrinsicElements'.
pages/Account.tsx(236,48): error TS2339: Property 'id' does not exist on type 'Order'.
pages/Account.tsx(242,92): error TS2339: Property 'id' does not exist on type 'Order'.
